Creating test database for alias 'default'...
/home/noorelmobashar/.local/lib/python3.14/site-packages/django/core/handlers/base.py:62: UserWarning: No directory at: /home/noorelmobashar/Projects/mansoura-hackathon/ClinicAppointmentSystem/staticfiles/
  mw_instance = middleware(adapted_handler)
..........................................F........................................
======================================================================
FAIL: test_patient_can_view_read_only_consultation_summary (emr.tests.ConsultationWorkflowTests.test_patient_can_view_read_only_consultation_summary)
----------------------------------------------------------------------
Traceback (most recent call last):
  File "/home/noorelmobashar/Projects/mansoura-hackathon/ClinicAppointmentSystem/emr/tests.py", line 221, in test_patient_can_view_read_only_consultation_summary
    self.assertNotContains(response, "<form", html=False)
    ~~~~~~~~~~~~~~~~~~~~~~^^^^^^^^^^^^^^^^^^^^^^^^^^^^^^^
AssertionError: 2 != 0 :'<form' unexpectedly found in the following response
b'\n\n\n\n<!doctype html>\n<html lang="en" dir="ltr">\n<head>\n    <meta charset="utf-8">\n    <meta name="viewport" content="width=device-width, initial-scale=1">\n    <title>Consultation Summary | Clinic System</title>\n    <link rel="icon" type="image/svg+xml" href="/favicon.svg">\n    <link rel="icon" href="/favicon.ico" sizes="any">\n    <link rel="preconnect" href="https://fonts.googleapis.com">\n    <link rel="preconnect" href="https://fonts.gstatic.com" crossorigin>\n    <link href="https://fonts.googleapis.com/css2?family=Manrope:wght@500;600;700;800&family=Outfit:wght@600;700;800&display=swap" rel="stylesheet">\n    \n        <link href="https://cdn.jsdelivr.net/npm/bootstrap@5.3.3/dist/css/bootstrap.min.css" rel="stylesheet">\n    \n    <link href="https://cdn.jsdelivr.net/npm/bootstrap-icons@1.11.3/font/bootstrap-icons.css" rel="stylesheet">\n    <style>\n        :root {\n            --clinic-primary: #2563eb;\n            --clinic-primary-strong: #1d4ed8;\n            --clinic-secondary: #06b6d4;\n            --clinic-accent: #dbeafe;\n            --clinic-bg: #f1f5f9;\n            --clinic-surface: #ffffff;\n            --clinic-surface-soft: #f8fafc;\n            --clinic-text: #0f172a;\n            --clinic-muted: #64748b;\n            --clinic-border: rgba(148, 163, 184, 0.3);\n            --clinic-shadow: 0 22px 58px rgba(15, 23, 42, 0.1);\n            --clinic-shadow-soft: 0 12px 30px rgba(15, 23, 42, 0.07);\n            --clinic-radius: 22px;\n        }\n\n        body {\n            min-height: 100vh;\n            display: flex;\n            flex-direction: column;\n            background:\n                radial-gradient(circle at 8% 0%, rgba(37, 99, 235, 0.15), transparent 34rem),\n                radial-gradient(circle at 100% 0%, rgba(6, 182, 212, 0.14), transparent 28rem),\n                var(--clinic-bg);\n            color: var(--clinic-text);\n            font-family: "Manrope", "Segoe UI", sans-serif;\n        }\n\n        .clinic-header {\n            background: rgba(248, 250, 252, 0.86);\n            border-bottom: 1px solid rgba(203, 213, 225, 0.85);\n            backdrop-filter: blur(16px);\n        }\n\n        .brand-mark {\n            width: 2.45rem;\n            height: 2.45rem;\n            display: inline-flex;\n            align-items: center;\n            justify-content: center;\n            border-radius: 12px;\n            color: #ffffff;\n            background: linear-gradient(135deg, var(--clinic-primary), var(--clinic-secondary));\n            box-shadow: 0 10px 22px rgba(37, 99, 235, 0.26);\n        }\n\n        .navbar-brand {\n            color: var(--clinic-text);\n            font-family: "Outfit", "Segoe UI", sans-serif;\n            font-weight: 800;\n            letter-spacing: 0.01em;\n        }\n\n        .nav-link {\n            color: var(--clinic-muted);\n            font-weight: 800;\n        }\n\n        .nav-link:hover,\n        .nav-link:focus {\n            color: var(--clinic-primary);\n        }\n\n        .clinic-page {\n            flex: 1;\n        }\n\n        .clinic-card {\n            background: var(--clinic-surface);\n            border: 1px solid var(--clinic-border);\n            border-radius: var(--clinic-radius);\n            box-shadow: var(--clinic-shadow);\n        }\n\n        .panel-soft {\n            background: color-mix(in srgb, var(--clinic-accent) 45%, white);\n            border: 1px solid color-mix(in srgb, var(--clinic-primary) 24%, transparent);\n            border-radius: 18px;\n            box-shadow: var(--clinic-shadow-soft);\n        }\n\n        h1,\n        h2,\n        h3,\n        h4,\n        h5,\n        h6 {\n            font-family: "Outfit", "Segoe UI", sans-serif;\n            letter-spacing: 0.01em;\n        }\n\n        .btn {\n            border-radius: 999px;\n            font-weight: 800;\n            padding: 0.76rem 1.2rem;\n        }\n\n        .btn-primary {\n            --bs-btn-bg: var(--clinic-primary);\n            --bs-btn-border-color: var(--clinic-primary);\n            --bs-btn-hover-bg: var(--clinic-primary-strong);\n            --bs-btn-hover-border-color: var(--clinic-primary-strong);\n            --bs-btn-focus-shadow-rgb: 59, 130, 246;\n            box-shadow: 0 10px 24px rgba(37, 99, 235, 0.28);\n        }\n\n        .btn-outline-primary {\n            --bs-btn-color: var(--clinic-primary-strong);\n            --bs-btn-border-color: var(--clinic-primary);\n            --bs-btn-hover-bg: var(--clinic-primary);\n            --bs-btn-hover-border-color: var(--clinic-primary);\n        }\n\n        .soft-link {\n            color: var(--clinic-primary);\n            font-weight: 800;\n            text-decoration: none;\n        }\n\n        .soft-link:hover,\n        .soft-link:focus {\n            color: var(--clinic-primary-strong);\n            text-decoration: underline;\n        }\n\n        .form-control,\n        .form-select {\n            border-color: var(--clinic-border);\n            border-radius: 14px;\n            padding: 0.82rem 0.95rem;\n        }\n\n        .form-control:focus,\n        .form-select:focus {\n            border-color: #60a5fa;\n            box-shadow: 0 0 0 0.22rem rgba(59, 130, 246, 0.14);\n        }\n\n        .clinic-footer {\n            border-top: 1px solid rgba(203, 213, 225, 0.85);\n            background: rgba(248, 250, 252, 0.84);\n            color: var(--clinic-muted);\n        }\n    </style>\n    \n\n<style>\n    :root {\n        --dash-bg: #f1f5f9;\n        --dash-surface: #ffffff;\n        --dash-sidebar: #f8fafc;\n        --dash-text: #0f172a;\n        --dash-muted: #64748b;\n        --dash-soft: #f8fafc;\n        --dash-border: rgba(148, 163, 184, 0.24);\n        --dash-shadow: 0 22px 60px rgba(15, 23, 42, 0.09);\n        --dash-shadow-soft: 0 12px 34px rgba(15, 23, 42, 0.07);\n        --dash-radius: 22px;\n        --role-primary: #2563eb;\n        --role-secondary: #06b6d4;\n        --role-accent: #dbeafe;\n        --role-wash: rgba(37, 99, 235, 0.14);\n    }\n\n    .clinic-header,\n    .clinic-footer {\n        display: none;\n    }\n\n    body {\n        background: var(--dash-bg);\n        color: var(--dash-text);\n    }\n\n    .dashboard-shell {\n        min-height: 100vh;\n        background:\n            radial-gradient(circle at 16% 0%, var(--role-wash), transparent 30rem),\n            linear-gradient(120deg, rgba(255, 255, 255, 0), rgba(255, 255, 255, 0.62)),\n            var(--dash-bg);\n    }\n\n    .dashboard-alert {\n        border: none;\n        border-radius: 18px;\n        font-weight: 800;\n        padding: 1rem 1.5rem;\n        box-shadow: var(--dash-shadow-soft);\n        animation: slideDown 0.4s ease;\n    }\n\n    @keyframes slideDown {\n        from { opacity: 0; transform: translateY(-10px); }\n        to { opacity: 1; transform: translateY(0); }\n    }\n\n    .alert-success.dashboard-alert {\n        background: #dcfce7;\n        color: #166534;\n    }\n\n    .alert-error.dashboard-alert,\n    .alert-danger.dashboard-alert {\n        background: #fee2e2;\n        color: #991b1b;\n    }\n\n    .dashboard-shell.role-doctor {\n        --role-primary: #059669;\n        --role-secondary: #14b8a6;\n        --role-accent: #d1fae5;\n        --role-wash: rgba(20, 184, 166, 0.18);\n    }\n\n    .dashboard-shell.role-reception {\n        --role-primary: #f97316;\n        --role-secondary: #ef4444;\n        --role-accent: #ffedd5;\n        --role-wash: rgba(249, 115, 22, 0.18);\n    }\n\n    .dashboard-shell.role-admin {\n        --role-primary: #8b5cf6;\n        --role-secondary: #c084fc;\n        --role-accent: #f3e8ff;\n        --role-wash: rgba(139, 92, 246, 0.18);\n    }\n\n    .dashboard-main {\n        margin-left: 300px;\n        min-height: 100vh;\n        padding: 34px clamp(22px, 4vw, 64px) 56px;\n    }\n\n    .dashboard-content {\n        width: min(100%, 1380px);\n        margin: 0 auto;\n    }\n\n    .dashboard-sidebar {\n        position: fixed;\n        inset: 0 auto 0 0;\n        z-index: 30;\n        width: 300px;\n        height: 100vh;\n        display: flex;\n        flex-direction: column;\n        padding: 24px 16px;\n        background: var(--dash-sidebar);\n        border-right: 1px solid rgba(203, 213, 225, 0.74);\n        box-shadow: 18px 0 44px rgba(15, 23, 42, 0.05);\n    }\n\n    .dashboard-topbar {\n        border: 1px solid rgba(229, 231, 235, 0.88);\n        border-radius: 20px;\n        background: rgba(255, 255, 255, 0.92);\n        box-shadow: 0 14px 34px rgba(15, 23, 42, 0.06);\n    }\n\n    .sidebar-brand {\n        display: flex;\n        align-items: center;\n        gap: 12px;\n        padding: 2px 4px 22px;\n    }\n\n    .sidebar-logo {\n        width: 42px;\n        height: 42px;\n        display: inline-flex;\n        align-items: center;\n        justify-content: center;\n        border-radius: 15px;\n        color: #ffffff;\n        background: linear-gradient(135deg, var(--role-primary), var(--role-secondary));\n        box-shadow: 0 14px 26px rgba(15, 23, 42, 0.14);\n    }\n\n    .sidebar-kicker,\n    .section-kicker,\n    .hero-kicker,\n    .metric-label {\n        letter-spacing: 0.28em;\n        text-transform: uppercase;\n    }\n\n    .sidebar-kicker {\n        color: var(--role-primary);\n        font-size: 0.66rem;\n        font-weight: 900;\n    }\n\n    .sidebar-title {\n        color: var(--dash-text);\n        font-size: 1.08rem;\n        font-weight: 900;\n        line-height: 1.15;\n    }\n\n    .sidebar-user {\n        display: flex;\n        align-items: center;\n        gap: 12px;\n        padding: 14px;\n        margin-bottom: 28px;\n        border: 1px solid var(--dash-border);\n        border-radius: 20px;\n        background: rgba(255, 255, 255, 0.88);\n        box-shadow: var(--dash-shadow-soft);\n    }\n\n    .sidebar-avatar {\n        width: 44px;\n        height: 44px;\n        display: inline-flex;\n        align-items: center;\n        justify-content: center;\n        flex: 0 0 auto;\n        border-radius: 16px;\n        color: var(--role-primary);\n        background: var(--role-accent);\n    }\n\n    .sidebar-name {\n        color: var(--dash-text);\n        font-weight: 900;\n        line-height: 1.15;\n    }\n\n    .sidebar-meta {\n        display: flex;\n        flex-direction: column;\n        gap: 6px;\n        margin-top: 6px;\n    }\n\n    .sidebar-role-pill {\n        align-self: flex-start;\n        padding: 4px 10px;\n        border-radius: 999px;\n        background: color-mix(in srgb, var(--role-accent) 70%, white);\n        color: var(--role-primary);\n        font-size: 0.68rem;\n        font-weight: 900;\n        letter-spacing: 0.08em;\n        text-transform: uppercase;\n    }\n\n    .sidebar-email {\n        color: var(--dash-muted);\n        font-size: 0.8rem;\n        font-weight: 700;\n        line-height: 1.2;\n        word-break: break-word;\n    }\n\n    .sidebar-section-title {\n        margin: 0 4px 10px;\n        color: #94a3b8;\n        font-size: 0.68rem;\n        font-weight: 900;\n        letter-spacing: 0.34em;\n        text-transform: uppercase;\n    }\n\n    .sidebar-nav {\n        display: grid;\n        gap: 8px;\n    }\n\n    .sidebar-link {\n        display: flex;\n        align-items: center;\n        gap: 12px;\n        min-height: 50px;\n        padding: 10px 12px;\n        border: 1px solid transparent;\n        border-radius: 16px;\n        color: #475569;\n        text-decoration: none;\n        transition: transform 180ms ease, background 180ms ease, border-color 180ms ease, color 180ms ease;\n    }\n\n    .sidebar-link i {\n        width: 34px;\n        height: 34px;\n        display: inline-flex;\n        align-items: center;\n        justify-content: center;\n        flex: 0 0 auto;\n        border-radius: 13px;\n        color: var(--role-primary);\n        background: rgba(241, 245, 249, 0.95);\n        transition: background 180ms ease, color 180ms ease;\n    }\n\n    .sidebar-link strong {\n        display: block;\n        color: #334155;\n        font-size: 0.94rem;\n        font-weight: 900;\n        line-height: 1.1;\n    }\n\n    .sidebar-link span {\n        display: block;\n        color: #94a3b8;\n        font-size: 0.74rem;\n        font-weight: 700;\n        line-height: 1.2;\n    }\n\n    .sidebar-link:hover,\n    .sidebar-link:focus,\n    .sidebar-link.active {\n        color: var(--role-primary);\n        border-color: color-mix(in srgb, var(--role-primary) 28%, transparent);\n        background: color-mix(in srgb, var(--role-accent) 55%, white);\n        transform: translateX(3px);\n    }\n\n    .sidebar-link:hover strong,\n    .sidebar-link:focus strong,\n    .sidebar-link.active strong {\n        color: var(--role-primary);\n    }\n\n    .sidebar-link:hover i,\n    .sidebar-link:focus i,\n    .sidebar-link.active i {\n        color: #ffffff;\n        background: linear-gradient(135deg, var(--role-primary), var(--role-secondary));\n    }\n\n    .sidebar-bottom {\n        display: grid;\n        gap: 10px;\n        margin-top: auto;\n        padding-top: 18px;\n    }\n\n    .sidebar-bottom .sidebar-link {\n        min-height: 44px;\n        justify-content: center;\n        background: #ffffff;\n        border-color: var(--dash-border);\n        box-shadow: 0 10px 26px rgba(15, 23, 42, 0.04);\n    }\n\n    .sidebar-bottom .sidebar-link i {\n        width: auto;\n        height: auto;\n        color: currentColor;\n        background: transparent;\n    }\n\n    .sidebar-link.logout {\n        color: #dc2626;\n    }\n\n    .sidebar-link.logout strong {\n        color: #dc2626;\n    }\n\n    .dashboard-eyebrow {\n        color: #2563eb;\n        font-size: 0.78rem;\n        font-weight: 900;\n        letter-spacing: 0.08em;\n        text-transform: uppercase;\n    }\n\n    @media (max-width: 991.98px) {\n        .dashboard-sidebar {\n            position: static;\n            width: auto;\n            height: auto;\n            min-height: auto;\n            margin: 16px;\n            border: 1px solid rgba(203, 213, 225, 0.74);\n            border-radius: 24px;\n        }\n\n        .dashboard-main {\n            margin-left: 0;\n            padding: 0 16px 34px;\n        }\n\n        .sidebar-nav {\n            grid-template-columns: repeat(2, minmax(0, 1fr));\n        }\n    }\n\n    @media (max-width: 575.98px) {\n        .sidebar-nav {\n            grid-template-columns: 1fr;\n        }\n    }\n    .walkin-form .form-label {\n        color: #475569;\n        font-size: 0.8rem;\n        font-weight: 800;\n        margin-bottom: 6px;\n    }\n\n    .walkin-input {\n        width: 100%;\n        min-height: 42px;\n        border: 1px solid #cbd5e1;\n        border-radius: 12px;\n        padding: 10px 12px;\n        color: #0f172a;\n        background: #ffffff;\n        outline: none;\n        transition: border-color 180ms ease, box-shadow 180ms ease;\n    }\n\n    input[type="date"].walkin-input {\n        appearance: auto;\n        -webkit-appearance: auto;\n        padding-inline: 14px;\n    }\n\n    .reception-filter-bar {\n        display: flex;\n        flex-wrap: wrap;\n        gap: 14px;\n        align-items: end;\n        background: linear-gradient(180deg, rgba(255, 255, 255, 0.98), rgba(248, 250, 252, 0.96));\n        padding: 16px;\n        border: 1px solid rgba(203, 213, 225, 0.92);\n        border-radius: 20px;\n        box-shadow: var(--dash-shadow-soft);\n    }\n\n    .reception-filter-field {\n        display: grid;\n        gap: 8px;\n        min-width: 180px;\n        flex: 1 1 220px;\n    }\n\n    .reception-filter-label {\n        color: #475569;\n        font-size: 0.75rem;\n        font-weight: 900;\n        letter-spacing: 0.22em;\n        text-transform: uppercase;\n    }\n\n    .reception-filter-actions {\n        display: flex;\n        flex-wrap: wrap;\n        gap: 10px;\n        align-items: center;\n    }\n\n    .reception-filter-button,\n    .reception-filter-clear {\n        min-height: 46px;\n        padding: 0 18px;\n        border-radius: 14px;\n        font-weight: 800;\n    }\n\n    .reception-filter-button {\n        background: linear-gradient(135deg, var(--role-primary), var(--role-secondary));\n        border-color: transparent;\n    }\n\n    .reception-filter-clear {\n        display: inline-flex;\n        align-items: center;\n        justify-content: center;\n        background: #ffffff;\n        border: 1px solid #cbd5e1;\n        color: #475569;\n        text-decoration: none;\n    }\n\n    .walkin-textarea {\n        min-height: 96px;\n        resize: vertical;\n    }\n\n    .walkin-input:focus {\n        border-color: color-mix(in srgb, var(--role-primary) 62%, white);\n        box-shadow: 0 0 0 0.22rem color-mix(in srgb, var(--role-accent) 70%, transparent);\n    }\n\n    .walkin-submit {\n        width: 100%;\n        min-height: 44px;\n        border: 1px solid transparent;\n        border-radius: 12px;\n        color: #ffffff;\n        background: linear-gradient(135deg, var(--role-primary), var(--role-secondary));\n        font-size: 0.9rem;\n        font-weight: 900;\n        transition: transform 180ms ease, box-shadow 180ms ease;\n    }\n\n    .walkin-submit:hover,\n    .walkin-submit:focus {\n        transform: translateY(-1px);\n        box-shadow: 0 10px 24px color-mix(in srgb, var(--role-primary) 32%, transparent);\n    }\n</style>\n\n<style>\n    .summary-shell {\n        display: grid;\n        gap: 1.5rem;\n        padding-bottom: 2rem;\n    }\n\n    .summary-hero,\n    .summary-card {\n        padding: 1.6rem;\n        border-radius: 26px;\n        border: 1px solid rgba(148, 163, 184, 0.2);\n        background: rgba(255, 255, 255, 0.95);\n        box-shadow: 0 20px 46px rgba(15, 23, 42, 0.08);\n    }\n\n    .summary-hero {\n        color: #fff;\n        background:\n            radial-gradient(circle at top right, rgba(255, 255, 255, 0.16), transparent 16rem),\n            linear-gradient(135deg, #0f766e, #0891b2 54%, #1d4ed8);\n    }\n\n    .summary-hero h1 {\n        margin: 0.9rem 0 0.6rem;\n        font-size: clamp(2rem, 4vw, 3rem);\n        font-weight: 900;\n    }\n\n    .summary-hero p,\n    .summary-hero .hero-meta {\n        color: rgba(255, 255, 255, 0.84);\n    }\n\n    .hero-badge {\n        display: inline-flex;\n        align-items: center;\n        gap: 0.45rem;\n        min-height: 2rem;\n        padding: 0 0.85rem;\n        border-radius: 999px;\n        background: rgba(255, 255, 255, 0.14);\n        font-size: 0.74rem;\n        font-weight: 800;\n        letter-spacing: 0.12em;\n        text-transform: uppercase;\n    }\n\n    .hero-meta {\n        display: flex;\n        flex-wrap: wrap;\n        gap: 0.75rem 1.2rem;\n        margin-top: 1rem;\n    }\n\n    .summary-grid {\n        display: grid;\n        grid-template-columns: minmax(0, 1.4fr) minmax(18rem, 1fr);\n        gap: 1.5rem;\n        align-items: start;\n    }\n\n    .summary-stack {\n        display: grid;\n        gap: 1.5rem;\n    }\n\n    .section-kicker {\n        display: inline-flex;\n        align-items: center;\n        min-height: 2rem;\n        padding: 0 0.85rem;\n        border-radius: 999px;\n        background: #dbeafe;\n        color: var(--clinic-primary-strong);\n        font-size: 0.72rem;\n        font-weight: 800;\n        letter-spacing: 0.12em;\n        text-transform: uppercase;\n    }\n\n    .summary-card h2 {\n        margin: 0.8rem 0 0.45rem;\n        font-size: 1.2rem;\n        font-weight: 800;\n    }\n\n    .summary-text {\n        color: var(--clinic-muted);\n        line-height: 1.75;\n    }\n\n    .summary-text p:last-child {\n        margin-bottom: 0;\n    }\n\n    .prescription-list {\n        display: grid;\n        gap: 0.9rem;\n        margin-top: 1rem;\n    }\n\n    .prescription-item {\n        padding: 1rem;\n        border-radius: 20px;\n        border: 1px solid rgba(148, 163, 184, 0.18);\n        background: linear-gradient(180deg, rgba(248, 250, 252, 0.85), #fff);\n    }\n\n    .prescription-item strong {\n        display: block;\n        margin-bottom: 0.45rem;\n        color: var(--clinic-text);\n    }\n\n    .prescription-meta {\n        display: grid;\n        gap: 0.35rem;\n        color: var(--clinic-muted);\n    }\n\n    .summary-note {\n        color: var(--clinic-muted);\n        line-height: 1.65;\n    }\n\n    @media (max-width: 991.98px) {\n        .summary-grid {\n            grid-template-columns: 1fr;\n        }\n    }\n</style>\n\n    \n</head>\n<body>\n    <header class="clinic-header sticky-top">\n        <nav class="navbar navbar-expand-lg">\n            <div class="container">\n                <a class="navbar-brand d-flex align-items-center gap-2" href="/en/">\n                    <span class="brand-mark"><i class="bi bi-hospital"></i></span>\n                    <span>Clinic System</span>\n                </a>\n\n                <button class="navbar-toggler" type="button" data-bs-toggle="collapse" data-bs-target="#publicNavbar" aria-controls="publicNavbar" aria-expanded="false" aria-label="Toggle navigation">\n                    <span class="navbar-toggler-icon"></span>\n                </button>\n\n                <div class="collapse navbar-collapse" id="publicNavbar">\n                    <ul class="navbar-nav ms-auto align-items-lg-center gap-lg-2">\n                        <li class="nav-item me-lg-2">\n                            <form action="/i18n/setlang/" method="post" class="d-inline">\n                                <input type="hidden" name="csrfmiddlewaretoken" value="OakWnt7G7Y7tcoyGQdGCyZcsyvw8rpdsD2b4Sg1UGUrjsS6to0nzPDeFJY6BzznW">\n                                <input type="hidden" name="next" value="/en/emr/consultation/34/summary/">\n                                <select name="language" onchange="this.form.submit()" class="form-select form-select-sm language-select" style="border-radius: 20px; font-weight: 800; padding: 0.25rem 2.25rem 0.25rem 0.75rem; font-size: 0.85rem; border-color: var(--clinic-border); min-width: 90px; cursor: pointer;">\n                                    \n                                    \n                                    \n                                        <option value="en" selected>\n                                            EN\n                                        </option>\n                                    \n                                        <option value="ar" >\n                                            \xd8\xb9\xd8\xb1\xd8\xa8\xd9\x8a\n                                        </option>\n                                    \n                                </select>\n                            </form>\n                        </li>\n                        \n                            <li class="nav-item"><a class="nav-link" href="/en/dashboard/">Dashboard</a></li>\n                            <li class="nav-item">\n                                <a class="btn btn-outline-primary" href="/en/accounts/logout/">\n                                    <i class="bi bi-box-arrow-right me-1"></i>Logout\n                                </a>\n                            </li>\n                        \n                    </ul>\n                </div>\n            </div>\n        </nav>\n    </header>\n\n    <main class="clinic-page">\n        \n            \n        \n\n        \n<div class="dashboard-shell">\n    \n<aside class="dashboard-sidebar" aria-label="Dashboard navigation">\n    <div class="sidebar-brand">\n        <span class="sidebar-logo"><i class="bi bi-hospital"></i></span>\n        <div>\n            <div class="sidebar-kicker">Clinic Workspace</div>\n            <div class="sidebar-title">CareFlow Clinic</div>\n        </div>\n    </div>\n\n    <div class="sidebar-user">\n        <span class="sidebar-avatar"><i class="bi bi-person-badge"></i></span>\n        <div>\n            <div class="sidebar-name">patient</div>\n            <div class="sidebar-meta">\n                <span class="sidebar-role-pill">Patient</span>\n                \n                    <span class="sidebar-email">patient@example.com</span>\n                \n            </div>\n        </div>\n    </div>\n\n    <div class="sidebar-section-title">Workspace</div>\n    <nav class="sidebar-nav">\n        \n            <a class="sidebar-link " href="/en/dashboard/">\n                <i class="bi bi-grid-1x2"></i>\n                <span><strong>Overview</strong><span>Care summary</span></span>\n            </a>\n            <a class="sidebar-link active" href="/en/appointments/my/">\n                <i class="bi bi-calendar2-check"></i>\n                <span><strong>Appointments</strong><span>Upcoming visits</span></span>\n            </a>\n            <a class="sidebar-link " href="/en/appointments/book/">\n                <i class="bi bi-calendar-plus"></i>\n                <span><strong>Book Visit</strong><span>Find availability</span></span>\n            </a>\n            <a class="sidebar-link " href="/en/payments/history/">\n                <i class="bi bi-credit-card"></i>\n                <span><strong>Payments</strong><span>Bills and receipts</span></span>\n            </a>\n        \n    </nav>\n\n    <div class="sidebar-bottom">\n        <a class="sidebar-link " href="/en/accounts/profile/">\n            <i class="bi bi-person"></i>\n            <strong>Profile</strong>\n        </a>\n        <a class="sidebar-link logout" href="/en/accounts/logout/">\n            <i class="bi bi-box-arrow-right"></i>\n            <strong>Logout</strong>\n        </a>\n    </div>\n</aside>\n\n    <div class="dashboard-main">\n        \n<div class="dashboard-topbar p-3 p-md-4 mb-4">\n    <div class="d-flex flex-column flex-lg-row align-items-lg-center justify-content-between gap-3">\n        <div>\n            <div class="dashboard-eyebrow">Dashboard</div>\n            <h1 class="h4 fw-bold mb-1">\n                \n                    Consultation Summary\n                \n            </h1>\n            <p class="text-secondary mb-0">\n                \n                    Review the diagnosis and prescriptions from your completed visit.\n                \n            </p>\n        </div>\n        <div class="d-flex align-items-center gap-2">\n            <form action="/i18n/setlang/" method="post" class="d-inline">\n                <input type="hidden" name="csrfmiddlewaretoken" value="OakWnt7G7Y7tcoyGQdGCyZcsyvw8rpdsD2b4Sg1UGUrjsS6to0nzPDeFJY6BzznW">\n                <input type="hidden" name="next" value="/en/emr/consultation/34/summary/">\n                <select name="language" onchange="this.form.submit()" class="form-select form-select-sm language-select" style="border-radius: 20px; font-weight: 800; padding: 0.25rem 2.25rem 0.25rem 0.75rem; font-size: 0.85rem; border-color: var(--dash-border); min-width: 90px; cursor: pointer; background: var(--dash-surface);">\n                    \n                    \n                    \n                        <option value="en" selected>\n                            EN\n                        </option>\n                    \n                        <option value="ar" >\n                            \xd8\xb9\xd8\xb1\xd8\xa8\xd9\x8a\n                        </option>\n                    \n                </select>\n            </form>\n            <a class="btn btn-light border" href="#" aria-label="Notifications">\n                <i class="bi bi-bell"></i>\n            </a>\n            <span class="badge rounded-pill text-bg-success px-3 py-2">Patient</span>\n        </div>\n    </div>\n</div>\n\n\n        <section class="summary-shell">\n            <section class="summary-hero">\n                <span class="hero-badge"><i class="bi bi-file-earmark-medical"></i> Consultation Summary</span>\n                <h1>Review your visit summary.</h1>\n                <p>This page is read-only. It shows the diagnosis and prescriptions recorded during your consultation.</p>\n                <div class="hero-meta">\n                    <span><i class="bi bi-person-badge me-1"></i>Dr. doctor</span>\n                    <span><i class="bi bi-calendar3 me-1"></i>Jun 10, 2026</span>\n                    <span><i class="bi bi-clock me-1"></i>10:00 - 10:30</span>\n                </div>\n            </section>\n\n            <div class="summary-grid">\n                <div class="summary-stack">\n                    <section class="summary-card">\n                        <span class="section-kicker">Symptoms</span>\n                        <h2>Consultation notes</h2>\n                        <div class="summary-text">\n                            <p>Patient had fever for three days.</p>\n                        </div>\n                    </section>\n\n                    <section class="summary-card">\n                        <span class="section-kicker">Diagnosis</span>\n                        <h2>Doctor assessment</h2>\n                        <div class="summary-text">\n                            <p>Viral infection</p>\n                        </div>\n                    </section>\n                </div>\n\n                <aside class="summary-stack">\n                    <section class="summary-card">\n                        <span class="section-kicker">Prescription</span>\n                        <h2>Medications</h2>\n                        \n                            <div class="prescription-list">\n                                \n                                    <div class="prescription-item">\n                                        <strong>Paracetamol</strong>\n                                        <div class="prescription-meta">\n                                            <span><i class="bi bi-capsule me-1"></i>Dosage: 500 mg</span>\n                                            <span><i class="bi bi-hourglass-split me-1"></i>Duration: 3 days</span>\n                                        </div>\n                                    </div>\n                                \n                            </div>\n                        \n                    </section>\n\n                    <section class="summary-card">\n                        <span class="section-kicker">Access</span>\n                        <h2>Read-only record</h2>\n                        <p class="summary-note mb-0">Patients can review this summary but cannot edit the consultation record.</p>\n                    </section>\n                </aside>\n            </div>\n        </section>\n    </div>\n</div>\n\n    </main>\n\n    <footer class="clinic-footer py-4">\n        <div class="container d-flex flex-column flex-md-row align-items-center justify-content-between gap-2 small">\n            <span>\xc2\xa9 Clinic System</span>\n            <span>Modern care, organized clearly.</span>\n        </div>\n    </footer>\n\n    <script src="https://cdn.jsdelivr.net/npm/bootstrap@5.3.3/dist/js/bootstrap.bundle.min.js"></script>\n    \n</body>\n</html>\n'

----------------------------------------------------------------------
Ran 83 tests in 45.015s

FAILED (failures=1)
Destroying test database for alias 'default'...
Found 83 test(s).
System check identified no issues (0 silenced).
